
; The following lines may be deleted in order to obtain extra 
; space for customizing this file on a full installation diskette.
; 
; XXXXXXXXXXXXXXXXXXXXXXXXXXXXXXXXXXXXXXXXXXXXXXXXXXXXXXXXXXXX
; XXXXXXXXXXXXXXXXXXXXXXXXXXXXXXXXXXXXXXXXXXXXXXXXXXXXXXXXXXXX
; XXXXXXXXXXXXXXXXXXXXXXXXXXXXXXXXXXXXXXXXXXXXXXXXXXXXXXXXXXXX
; XXXXXXXXXXXXXXXXXXXXXXXXXXXXXXXXXXXXXXXXXXXXXXXXXXXXXXXXXXXX
; XXXXXXXXXXXXXXXXXXXXXXXXXXXXXXXXXXXXXXXXXXXXXXXXXXXXXXXXXXXX
; XXXXXXXXXXXXXXXXXXXXXXXXXXXXXXXXXXXXXXXXXXXXXXXXXXXX8\Wizards\PDWizard\Redist\COMCAT.DLL=Yes
C:\Program Files\Microsoft Visual Studio\VB98\Wizards\PDWizard\SETUP.EXE=Yes
C:\Program Files\Microsoft Visual Studio\VB98\Wizards\PDWizard\SETUP1.EXE=Yes
C:\WINDOWS\system32\VB6STKIT.DLL=Yes
C:\Program Files\Microsoft Visual Studio\VB98\Wizards\PDWizard\ST6UNST.EXE=Yes

[Package|Standard Setup Package 1|Configure Registry Files]
Applicable=No

[Package|Standard Setup Package 1|Configure Remote Servers]
Applicable=No

[Package|Standard Setup Package 1|Install Locations]
\\VBOXSVR\f_drive\TETAP JAYA\KASIR\scankey.exe=$(AppPath)
C:\WINDOWS\system32\msvbvm60.dll=$(WinSysPathSysFile)
C:\WINDOWS\system32\oleaut32.dll=